#
# There is insufficient memory for the Java Runtime Environment to continue.
# Native memory allocation (mmap) failed to map 130023424 bytes for G1 virtual space
# Possible reasons:
#   The system is out of physical RAM or swap space
#   The process is running with CompressedOops enabled, and the Java Heap may be blocking the growth of the native heap
# Possible solutions:
#   Reduce memory load on the system
#   Increase physical memory or swap space
#   Check if swap backing store is full
#   Decrease Java heap size (-Xmx/-Xms)
#   Decrease number of Java threads
#   Decrease Java thread stack sizes (-Xss)
#   Set larger code cache with -XX:ReservedCodeCacheSize=
#   JVM is running with Unscaled Compressed Oops mode in which the Java heap is
#     placed in the first 4GB address space. The Java Heap base address is the
#     maximum limit for the native heap growth. Please use -XX:HeapBaseMinAddress
#     to set the Java Heap base and to place the Java Heap above 4GB virtual address.
# This output file may be truncated or incomplete.
#
#  Out of Memory Error (os_windows.cpp:3548), pid=21296, tid=2876
#
# JRE version:  (17.0.12+8) (build )
# Java VM: Java HotSpot(TM) 64-Bit Server VM (17.0.12+8-LTS-286, mixed mode, sharing, tiered, compressed oops, compressed class ptrs, g1 gc, windows-amd64)
# No core dump will be written. Minidumps are not enabled by default on client versions of Windows
#

---------------  S U M M A R Y ------------

Command Line: -Dnet.bytebuddy.agent.attacher.dump= net.bytebuddy.agent.Attacher com.sun.tools.attach.VirtualMachine 17760 C:\Users\DELL\.m2\repository\net\bytebuddy\byte-buddy-agent\1.17.8\byte-buddy-agent-1.17.8.jar false 

Host: 11th Gen Intel(R) Core(TM) i5-1135G7 @ 2.40GHz, 8 cores, 7G,  Windows 11 , 64 bit Build 26100 (10.0.26100.7920)
Time: Mon Mar 30 23:21:42 2026 India Standard Time elapsed time: 0.016965 seconds (0d 0h 0m 0s)

---------------  T H R E A D  ---------------

Current thread (0x0000023bd4eeefc0):  JavaThread "Unknown thread" [_thread_in_vm, id=2876, stack(0x0000005a23a00000,0x0000005a23b00000)]

Stack: [0x0000005a23a00000,0x0000005a23b00000]
Native frames: (J=compiled Java code, j=interpreted, Vv=VM code, C=native code)
V  [jvm.dll+0x67a04a]
V  [jvm.dll+0x7da4ed]
V  [jvm.dll+0x7dbe33]
V  [jvm.dll+0x7dc4a3]
V  [jvm.dll+0x24508f]
V  [jvm.dll+0x677089]
V  [jvm.dll+0x66bd32]
V  [jvm.dll+0x301fa6]
V  [jvm.dll+0x309546]
V  [jvm.dll+0x359d2e]
V  [jvm.dll+0x359f5f]
V  [jvm.dll+0x2d9078]
V  [jvm.dll+0x2d9fe4]
V  [jvm.dll+0x7aca21]
V  [jvm.dll+0x367591]
V  [jvm.dll+0x78b999]
V  [jvm.dll+0x3ec83f]
V  [jvm.dll+0x3ee471]
C  [jli.dll+0x5297]
C  [ucrtbase.dll+0x37b0]
C  [KERNEL32.DLL+0x2e8d7]
C  [ntdll.dll+0x8c48c]


---------------  P R O C E S S  ---------------

Threads class SMR info:
_java_thread_list=0x00007ff83de67a18, length=0, elements={
}

Java Threads: ( => current thread )

Other Threads:
  0x0000023bd4f49120 GCTaskThread "GC Thread#0" [stack: 0x0000005a23b00000,0x0000005a23c00000] [id=2564]
  0x0000023bd4f5a840 ConcurrentGCThread "G1 Main Marker" [stack: 0x0000005a23c00000,0x0000005a23d00000] [id=19348]
  0x0000023bd4f5bf20 ConcurrentGCThread "G1 Conc#0" [stack: 0x0000005a23d00000,0x0000005a23e00000] [id=17712]

[error occurred during error reporting (printing all threads), id 0xc0000005, EXCEPTION_ACCESS_VIOLATION (0xc0000005) at pc=0x00007ff83d699b67]

VM state: not at safepoint (not fully initialized)

VM Mutex/Monitor currently owned by a thread:  ([mutex/lock_event])
[0x0000023bd4eea630] Heap_lock - owner thread: 0x0000023bd4eeefc0

Heap address: 0x0000000084200000, size: 1982 MB, Compressed Oops mode: 32-bit

CDS archive(s) mapped at: [0x0000000000000000-0x0000000000000000-0x0000000000000000), size 0, SharedBaseAddress: 0x0000000800000000, ArchiveRelocationMode: 1.
Narrow klass base: 0x0000000000000000, Narrow klass shift: 0, Narrow klass range: 0x0

GC Precious Log:
<Empty>

Heap:
 garbage-first heap   total 0K, used 0K [0x0000000084200000, 0x0000000100000000)
  region size 1024K, 0 young (0K), 0 survivors (0K)

[error occurred during error reporting (printing heap information), id 0xc0000005, EXCEPTION_ACCESS_VIOLATION (0xc0000005) at pc=0x00007ff83da83859]

GC Heap History (0 events):
No events

Deoptimization events (0 events):
No events

Classes unloaded (0 events):
No events

Classes redefined (0 events):
No events

Internal exceptions (0 events):
No events

VM Operations (0 events):
No events

Events (1 events):
Event: 0.009 Loaded shared library C:\Program Files\Java\jdk-17\bin\java.dll


Dynamic libraries:
0x00007ff767740000 - 0x00007ff767750000 	C:\Program Files\Java\jdk-17\bin\java.exe
0x00007ff933040000 - 0x00007ff9332a7000 	C:\WINDOWS\SYSTEM32\ntdll.dll
0x00007ff931490000 - 0x00007ff931559000 	C:\WINDOWS\System32\KERNEL32.DLL
0x00007ff9303c0000 - 0x00007ff9307b1000 	C:\WINDOWS\System32\KERNELBASE.dll
0x00007ff9307c0000 - 0x00007ff93090b000 	C:\WINDOWS\System32\ucrtbase.dll
0x00007ff91c360000 - 0x00007ff91c37b000 	C:\Program Files\Java\jdk-17\bin\VCRUNTIME140.dll
0x00007ff91c380000 - 0x00007ff91c399000 	C:\Program Files\Java\jdk-17\bin\jli.dll
0x00007ff9320c0000 - 0x00007ff93217b000 	C:\WINDOWS\System32\ADVAPI32.dll
0x00007ff932010000 - 0x00007ff9320b9000 	C:\WINDOWS\System32\msvcrt.dll
0x00007ff9323e0000 - 0x00007ff932487000 	C:\WINDOWS\System32\sechost.dll
0x00007ff931370000 - 0x00007ff931488000 	C:\WINDOWS\System32\RPCRT4.dll
0x00007ff931e40000 - 0x00007ff932005000 	C:\WINDOWS\System32\USER32.dll
0x00007ff930390000 - 0x00007ff9303b7000 	C:\WINDOWS\System32\win32u.dll
0x00007ff90c610000 - 0x00007ff90c8a3000 	C:\WINDOWS\WinSxS\amd64_microsoft.windows.common-controls_6595b64144ccf1df_6.0.26100.8037_none_3e092faae333b53b\COMCTL32.dll
0x00007ff932550000 - 0x00007ff93257b000 	C:\WINDOWS\System32\GDI32.dll
0x00007ff930a80000 - 0x00007ff930bab000 	C:\WINDOWS\System32\gdi32full.dll
0x00007ff92f920000 - 0x00007ff92f9c3000 	C:\WINDOWS\System32\msvcp_win.dll
0x00007ff927300000 - 0x00007ff92730b000 	C:\WINDOWS\SYSTEM32\VERSION.dll
0x00007ff932640000 - 0x00007ff932671000 	C:\WINDOWS\System32\IMM32.DLL
0x00007ff919be0000 - 0x00007ff919bec000 	C:\Program Files\Java\jdk-17\bin\vcruntime140_1.dll
0x00007ff907990000 - 0x00007ff907a1e000 	C:\Program Files\Java\jdk-17\bin\msvcp140.dll
0x00007ff83d3b0000 - 0x00007ff83df90000 	C:\Program Files\Java\jdk-17\bin\server\jvm.dll
0x00007ff931e30000 - 0x00007ff931e38000 	C:\WINDOWS\System32\PSAPI.DLL
0x00007ff919bd0000 - 0x00007ff919bda000 	C:\WINDOWS\SYSTEM32\WSOCK32.dll
0x00007ff927800000 - 0x00007ff927835000 	C:\WINDOWS\SYSTEM32\WINMM.dll
0x00007ff9321f0000 - 0x00007ff932264000 	C:\WINDOWS\System32\WS2_32.dll
0x00007ff92e6b0000 - 0x00007ff92e6cb000 	C:\WINDOWS\SYSTEM32\kernel.appcore.dll
0x00007ff919bc0000 - 0x00007ff919bca000 	C:\Program Files\Java\jdk-17\bin\jimage.dll
0x00007ff92d720000 - 0x00007ff92d962000 	C:\WINDOWS\SYSTEM32\DBGHELP.DLL
0x00007ff930f80000 - 0x00007ff931302000 	C:\WINDOWS\System32\combase.dll
0x00007ff932270000 - 0x00007ff932347000 	C:\WINDOWS\System32\OLEAUT32.dll
0x00007ff908240000 - 0x00007ff90827b000 	C:\WINDOWS\SYSTEM32\dbgcore.DLL
0x00007ff930bb0000 - 0x00007ff930c55000 	C:\WINDOWS\System32\bcryptPrimitives.dll
0x00007ff915220000 - 0x00007ff915245000 	C:\Program Files\Java\jdk-17\bin\java.dll

dbghelp: loaded successfully - version: 4.0.5 - missing functions: none
symbol engine: initialized successfully - sym options: 0x614 - pdb path: .;C:\Program Files\Java\jdk-17\bin;C:\WINDOWS\SYSTEM32;C:\WINDOWS\WinSxS\amd64_microsoft.windows.common-controls_6595b64144ccf1df_6.0.26100.8037_none_3e092faae333b53b;C:\Program Files\Java\jdk-17\bin\server

VM Arguments:
jvm_args: -Dnet.bytebuddy.agent.attacher.dump= 
java_command: net.bytebuddy.agent.Attacher com.sun.tools.attach.VirtualMachine 17760 C:\Users\DELL\.m2\repository\net\bytebuddy\byte-buddy-agent\1.17.8\byte-buddy-agent-1.17.8.jar false 
java_class_path (initial): C:\Users\DELL\.m2\repository\net\bytebuddy\byte-buddy-agent\1.17.8\byte-buddy-agent-1.17.8.jar
Launcher Type: SUN_STANDARD

[Global flags]
     intx CICompilerCount                          = 4                                         {product} {ergonomic}
     uint ConcGCThreads                            = 2                                         {product} {ergonomic}
     uint G1ConcRefinementThreads                  = 8                                         {product} {ergonomic}
   size_t G1HeapRegionSize                         = 1048576                                   {product} {ergonomic}
    uintx GCDrainStackTargetSize                   = 64                                        {product} {ergonomic}
   size_t InitialHeapSize                          = 130023424                                 {product} {ergonomic}
   size_t MarkStackSize                            = 4194304                                   {product} {ergonomic}
   size_t MaxHeapSize                              = 2078277632                                {product} {ergonomic}
   size_t MinHeapDeltaBytes                        = 1048576                                   {product} {ergonomic}
   size_t MinHeapSize                              = 8388608                                   {product} {ergonomic}
    uintx NonNMethodCodeHeapSize                   = 5839372                                {pd product} {ergonomic}
    uintx NonProfiledCodeHeapSize                  = 122909434                              {pd product} {ergonomic}
    uintx ProfiledCodeHeapSize                     = 122909434                              {pd product} {ergonomic}
    uintx ReservedCodeCacheSize                    = 251658240                              {pd product} {ergonomic}
     bool SegmentedCodeCache                       = true                                      {product} {ergonomic}
   size_t SoftMaxHeapSize                          = 2078277632                             {manageable} {ergonomic}
     bool UseCompressedClassPointers               = true                           {product lp64_product} {ergonomic}
     bool UseCompressedOops                        = true                           {product lp64_product} {ergonomic}
     bool UseG1GC                                  = true                                      {product} {ergonomic}
     bool UseLargePagesIndividualAllocation        = false                                  {pd product} {ergonomic}

Logging:
Log output configuration:
 #0: stdout all=warning uptime,level,tags
 #1: stderr all=off uptime,level,tags

Environment Variables:
JAVA_HOME=C:\Program Files\Java\jdk-17
PATH=D:/SDET/eclipse-java-2025-12-R-win32-x86_64/eclipse//plugins/org.eclipse.justj.openjdk.hotspot.jre.full.win32.x86_64_21.0.9.v20251105-0741/jre/bin/server;D:/SDET/eclipse-java-2025-12-R-win32-x86_64/eclipse//plugins/org.eclipse.justj.openjdk.hotspot.jre.full.win32.x86_64_21.0.9.v20251105-0741/jre/bin;D:\app\DELL\product\11.1.0\db_2\bin;C:\app\DELL\product\21c\dbhomeXE\bin;C:\WINDOWS\system32;C:\WINDOWS;C:\WINDOWS\System32\Wbem;C:\WINDOWS\System32\WindowsPowerShell\v1.0\;C:\WINDOWS\System32\OpenSSH\;C:\Program Files\dotnet\;C:\Program Files\Java\jdk-17\bin;C:\spark\bin;C:\kafka\bin;C:\Program Files\nodejs\;C:\Program Files\Git\cmd;C:\Program Files\Docker\Docker\resources\bin;C:\apache-maven\bin;C:\Program Files\Java\jdk-17;C:\Program Files\MySQL\MySQL Shell 8.0\bin\;C:\Users\DELL\AppData\Local\Programs\Python\Python313\Scripts\;C:\Users\DELL\AppData\Local\Programs\Python\Python313\;C:\Users\DELL\AppData\Local\Microsoft\WindowsApps;C:\Users\DELL\AppData\Local\Programs\Microsoft VS Code\bin;C:\Users\DELL\AppData\Local\PowerToys\;C:\Users\DELL\AppData\Roaming\npm;;D:\SDET\eclipse-java-2025-12-R-win32-x86_64\eclipse;
USERNAME=DELL
OS=Windows_NT
PROCESSOR_IDENTIFIER=Intel64 Family 6 Model 140 Stepping 1, GenuineIntel



---------------  S Y S T E M  ---------------

OS:
 Windows 11 , 64 bit Build 26100 (10.0.26100.7920)
OS uptime: 0 days 2:07 hours
Hyper-V role detected

CPU: total 8 (initial active 8) (4 cores per cpu, 2 threads per core) family 6 model 140 stepping 1 microcode 0xbe, cx8, cmov, fxsr, ht, mmx, 3dnowpref, sse, sse2, sse3, ssse3, sse4.1, sse4.2, popcnt, lzcnt, tsc, tscinvbit, avx, avx2, aes, erms, clmul, bmi1, bmi2, adx, avx512f, avx512dq, avx512cd, avx512bw, avx512vl, sha, fma, vzeroupper, avx512_vpopcntdq, avx512_vpclmulqdq, avx512_vaes, avx512_vnni, clflush, clflushopt, clwb, avx512_vbmi2, avx512_vbmi, hv

Memory: 4k page, system-wide physical 7926M (805M free)
TotalPageFile size 19662M (AvailPageFile size 23M)
current process WorkingSet (physical memory assigned to process): 12M, peak: 12M
current process commit charge ("private bytes"): 60M, peak: 184M

vm_info: Java HotSpot(TM) 64-Bit Server VM (17.0.12+8-LTS-286) for windows-amd64 JRE (17.0.12+8-LTS-286), built on Jun  5 2024 06:46:59 by "mach5one" with MS VC++ 17.6 (VS2022)

END.
